Performing C SOURCE FILE Test HAVE_AVX512 failed with the following output:
Change Dir: '/home/runner/work/Enhanced-srsRAN-4G/Enhanced-srsRAN-4G/build/CMakeFiles/CMakeTmp'

Run Build Command(s): /usr/local/bin/ninja -v cmTC_8d981
[1/2] /usr/bin/cc   -DHAVE_AVX512 -mavx512f -mavx512cd -mavx512bw -mavx512dq -DLV_HAVE_AVX512 -o CMakeFiles/cmTC_8d981.dir/src.c.o -c /home/runner/work/Enhanced-srsRAN-4G/Enhanced-srsRAN-4G/build/CMakeFiles/CMakeTmp/src.c
[2/2] : && /usr/bin/cc -DHAVE_AVX512 -mavx512f -mavx512cd -mavx512bw -mavx512dq -DLV_HAVE_AVX512  CMakeFiles/cmTC_8d981.dir/src.c.o -o cmTC_8d981   && :


Return value: FAILED_TO_RUN
Source file was:

          #include <immintrin.h>
          int main()
          {
            __m512i a, b, c;
            const int src[16] = { 0x0, 0x1, 0x2, 0x3, 0x4, 0x5, 0x6, 0x7, 0x8 , 0x9, 0xA, 0xB, 0xC, 0xD, 0xE, 0xF};
            int dst[16];
            a =  _mm512_loadu_si512( (__m512i*)src );
            b =  _mm512_loadu_si512( (__m512i*)src );
            c = _mm512_add_epi32( a, b );
            _mm512_storeu_si512( (__m512i*)dst, c );
            int i = 0;
            for( i = 0; i < 16; i++ ){
              if( ( src[i] + src[i] ) != dst[i] ){
                return -1;
              }
            }
            return 0;
          }
